Traceback (most recent call last):
  File "/home/visitor/Documents/depthanything_u250_host_graph_r68c_patch_project_p0/tools/run_u250_depthanything_hybrid.py", line 1794, in <module>
    raise SystemExit(main())
                     ~~~~^^
  File "/home/visitor/Documents/depthanything_u250_host_graph_r68c_patch_project_p0/tools/run_u250_depthanything_hybrid.py", line 1524, in main
    run_kernel(kernel["name"], [source])[0]
    ~~~~~~~~~~^^^^^^^^^^^^^^^^^^^^^^^^^^
  File "/home/visitor/Documents/depthanything_u250_host_graph_r68c_patch_project_p0/tools/run_u250_depthanything_hybrid.py", line 977, in run_kernel
    return run_kernel_group([name], [logical_inputs], [upload_mask])[0]
           ~~~~~~~~~~~~~~~~^^^^^^^^^^^^^^^^^^^^^^^^^^^^^^^^^^^^^^^^^
  File "/home/visitor/Documents/depthanything_u250_host_graph_r68c_patch_project_p0/tools/run_u250_depthanything_hybrid.py", line 870, in run_kernel_group
    physical_calls, group = cpp_runtime.run_group(
                            ~~~~~~~~~~~~~~~~~~~~~^
        [records[name] for name in names], packed_calls,
        ^^^^^^^^^^^^^^^^^^^^^^^^^^^^^^^^^^^^^^^^^^^^^^^^
        effective_masks, args.timeout_ms,
        ^^^^^^^^^^^^^^^^^^^^^^^^^^^^^^^^^
    )
    ^
  File "/home/visitor/Documents/depthanything_u250_host_graph_r68c_patch_project_p0/tools/u250_cpp_mapped_runtime.py", line 937, in run_group
    self.transport.run_npu_chain(programs, int(timeout_ms))]
    ~~~~~~~~~~~~~~~~~~~~~~~~~~~~^^^^^^^^^^^^^^^^^^^^^^^^^^^
RuntimeError: decoder_patch_project_0_co000_048: NPU timeout status=0x0
